ARM GAS  main.asm 			page 1


   1              	.section .data
   2              	.section .bss
   3              	.section .text
   4              	.global _start
   5              		    @  0 + 1 + 1 + 2 + 3 + 5 + 8 + 13 + 21 + 34
   6              		    @  for 5 the result should be 7 
   7              	    _start:
   8              	        @ r0 will hold the final result 
   9 0000 0000A0E3 	        mov     r0,     #0 
  10              	        @ r11 will hold the number of numbers 
  11 0004 05B0A0E3 	        mov     r11,    #5
  12              	        @ r1 will hold the first number
  13 0008 0010A0E3 	        mov     r1,     #0
  14              	        @ r2 will hold the second number
  15 000c 0120A0E3 	        mov     r2,     #1 
  16              	        @ r3 will hold the pair 
  17 0010 0030A0E3 	        mov     r3,     #0
  18              	
  19              	    theloop:
  20 0014 010080E0 	        add     r0,     r1
  21 0018 013083E0 	        add     r3,     r1
  22 001c 01B04BE2 	        sub     r11,    #1
  23 0020 00005BE3 	        cmp     r11,    #0
  24 0024 0800000A 	        beq     finish
  25              	
  26 0028 020080E0 	        add     r0,     r2
  27 002c 023083E0 	        add     r3,     r2
  28 0030 01B04BE2 	        sub     r11,    #1
  29 0034 00005BE3 	        cmp     r11,    #0
  30 0038 0300000A 	        beq     finish
  31              	
  32 003c 0310A0E1 	        mov     r1,     r3
  33 0040 032082E0 	        add     r2,     r3
  34 0044 0030A0E3 	        mov     r3,     #0
  35 0048 F1FFFFEA 	        b       theloop           
  36              	
  37              	
  38              	
  39              	    finish:
  40 004c 0170A0E3 	        mov r7, #1 		@Place 1 into r7, Exit the program
  41 0050 000000EF 	        svc #0			@Poke the kernel
  42              	
ARM GAS  main.asm 			page 2


DEFINED SYMBOLS
            main.asm:7      .text:0000000000000000 _start
            main.asm:9      .text:0000000000000000 $a
            main.asm:19     .text:0000000000000014 theloop
            main.asm:39     .text:000000000000004c finish

NO UNDEFINED SYMBOLS
