     1                                  ; Assembler 32bit template
     2                                  
     3                                  bits 32
     4                                  section .text
     5                                  global _start
     6                                  	_start:
     7 00000000 31DB                    		xor		ebx, 	ebx
     8 00000002 B904000000              		mov		ecx,	4
     9 00000007 B802000000              		mov		eax,	2
    10                                  
    11                                  	myloop:
    12 0000000C 01C3                    		add		ebx,	eax
    13 0000000E E2FC                    		loop	myloop		
    14                                  
    15                                  
    16                                  
    17                                  
    18                                  
    19                                  	finish:
    20 00000010 B801000000              		mov eax,1      ; Exit system call value
    21 00000015 CD80                    		int 80h        ; Call the kernel
